{
    "version": 3,
    "sources": [
        "src/lib/a.js",
        "src/lib/b.js",
        "webpack://webpack-nosources/webpack/bootstrap",
        "src/index.js"
    ],
    "names": [
        "console",
        "log",
        "__webpack_module_cache__",
        "__webpack_require__",
        "moduleId",
        "exports",
        "module",
        "__webpack_modules__"
    ],
    "mappings": "sBAAAA,QAAQC,IAAI,c,SCAZD,QAAQC,IAAI,eCCRC,EAA2B,GAG/B,SAASC,EAAoBC,GAE5B,GAAGF,EAAyBE,GAC3B,OAAOF,EAAyBE,GAAUC,QAG3C,IAAIC,EAASJ,EAAyBE,GAAY,CAGjDC,QAAS,IAOV,OAHAE,EAAoBH,GAAUE,EAAQA,EAAOD,QAASF,GAG/CG,EAAOD,QCpBfL,QAAQC,IAAI,MAEZ,EAAQ,KACR,EAAQ,M",
    "file": "main.js",
    "sourceRoot": "",
    "sourcesContent": [
        "console.log('hi from a')\n",
        "console.log('hi from b')\n",
        null,
        "console.log('hi')\n\nrequire('./lib/a')\nrequire('./lib/b')\n"
    ]
}
